// Jest Snapshot v1, https://goo.gl/fbAQLP

exports[`MyComponent renders 1`] = `
<h1>
  Hello world!
</h1>
`;
